// Vitest Snapshot v1, https://vitest.dev/guide/snapshot.html

exports[`LoginPage > OAuth Login Functionality > should match snapshot for loading state > oauth-button-loading 1`] = `
<button
  class="
        px-6 py-3 rounded-lg font-medium text-white transition-colors
        bg-gray-400 cursor-not-allowed
      "
  disabled=""
>
  <div
    class="flex items-center"
  >
    <div
      class="w-4 h-4 border-2 border-white border-t-transparent rounded-full animate-spin mr-2"
    />
    Signing in...
  </div>
</button>
`;

exports[`LoginPage > Snapshots > should match snapshot for back link > back-link 1`] = `
<a
  class="flex items-center px-4 py-2 bg-white/20 hover:bg-white/30 backdrop-blur-sm rounded-lg text-white font-semibold transition-all duration-200 border border-white/30"
  data-discover="true"
  href="/"
>
  <svg
    class="w-4 h-4 mr-2"
    fill="none"
    stroke="currentColor"
    viewBox="0 0 24 24"
  >
    <path
      d="M15 19l-7-7 7-7"
      stroke-linecap="round"
      stroke-linejoin="round"
      stroke-width="2"
    />
  </svg>
  Back to Home
</a>
`;

exports[`LoginPage > Snapshots > should match snapshot for main content card > login-content-card 1`] = `null`;

exports[`LoginPage > Snapshots > should render login page with back link > login-page-with-back-link 1`] = `
<div
  class="min-h-screen bg-gradient-to-br from-blue-50 via-white to-purple-50 flex flex-col"
>
  <header
    class="blue-gradient shadow-lg"
  >
    <div
      class="max-w-4xl mx-auto px-4 sm:px-6 lg:px-8"
    >
      <div
        class="flex justify-between items-center py-6"
      >
        <div
          class="flex items-center space-x-4"
        >
          <div
            class="w-10 h-10 bg-white/20 backdrop-blur-sm rounded-lg flex items-center justify-center"
          >
            <svg
              class="w-5 h-5 text-white"
              fill="currentColor"
              viewBox="0 0 20 20"
            >
              <path
                d="M2 5a2 2 0 012-2h7a2 2 0 012 2v4a2 2 0 01-2 2H9l-3 3v-3H4a2 2 0 01-2-2V5z"
              />
              <path
                d="M15 7v2a4 4 0 01-4 4H9.828l-1.766 1.767c.28.149.599.233.938.233h2l3 3v-3h2a2 2 0 002-2V9a2 2 0 00-2-2h-1z"
              />
            </svg>
          </div>
          <div>
            <h1
              class="text-2xl font-bold text-white tracking-tight"
            >
              MeetingMuse
            </h1>
            <p
              class="text-blue-100 text-sm font-medium"
            >
              AI-Powered Meeting Scheduling
            </p>
          </div>
        </div>
        <a
          class="flex items-center px-4 py-2 bg-white/20 hover:bg-white/30 backdrop-blur-sm rounded-lg text-white font-semibold transition-all duration-200 border border-white/30"
          data-discover="true"
          href="/"
        >
          <svg
            class="w-4 h-4 mr-2"
            fill="none"
            stroke="currentColor"
            viewBox="0 0 24 24"
          >
            <path
              d="M15 19l-7-7 7-7"
              stroke-linecap="round"
              stroke-linejoin="round"
              stroke-width="2"
            />
          </svg>
          Back to Home
        </a>
      </div>
    </div>
  </header>
  <main
    class="flex-1 max-w-4xl mx-auto px-4 sm:px-6 lg:px-8 py-12 w-full"
  >
    <div
      class="rounded-xl glass-effect p-8 mb-8 max-w-md mx-auto"
    >
      <div
        class="text-center space-y-6"
      >
        <div
          class="flex justify-center"
        >
          <div
            class="w-16 h-16 bg-blue-100 rounded-full flex items-center justify-center"
          >
            <svg
              class="w-8 h-8 text-blue-600"
              fill="currentColor"
              viewBox="0 0 20 20"
            >
              <path
                d="M2 5a2 2 0 012-2h7a2 2 0 012 2v4a2 2 0 01-2 2H9l-3 3v-3H4a2 2 0 01-2-2V5z"
              />
              <path
                d="M15 7v2a4 4 0 01-4 4H9.828l-1.766 1.767c.28.149.599.233.938.233h2l3 3v-3h2a2 2 0 002-2V9a2 2 0 00-2-2h-1z"
              />
            </svg>
          </div>
        </div>
        <div>
          <h2
            class="text-2xl font-bold text-gray-900 mb-2"
          >
            Welcome to 
            MeetingMuse
          </h2>
          <p
            class="text-gray-600 mb-6"
          >
            Please sign in to start your conversation with our AI meeting assistant
          </p>
        </div>
        <button
          class="
        px-6 py-3 rounded-lg font-medium text-white transition-colors
        bg-blue-600 hover:bg-blue-700 active:bg-blue-800
      "
        >
          Sign in with OAuth
        </button>
        <p
          class="text-sm text-gray-500"
        >
          Secure authentication powered by Google OAuth 2.0
        </p>
      </div>
    </div>
  </main>
</div>
`;

exports[`LoginPage > Snapshots > should render login page without back button > login-page-no-back-button 1`] = `
<div
  class="min-h-screen bg-gradient-to-br from-blue-50 via-white to-purple-50 flex flex-col"
>
  <header
    class="blue-gradient shadow-lg"
  >
    <div
      class="max-w-4xl mx-auto px-4 sm:px-6 lg:px-8"
    >
      <div
        class="flex justify-between items-center py-6"
      >
        <div
          class="flex items-center space-x-4"
        >
          <div
            class="w-10 h-10 bg-white/20 backdrop-blur-sm rounded-lg flex items-center justify-center"
          >
            <svg
              class="w-5 h-5 text-white"
              fill="currentColor"
              viewBox="0 0 20 20"
            >
              <path
                d="M2 5a2 2 0 012-2h7a2 2 0 012 2v4a2 2 0 01-2 2H9l-3 3v-3H4a2 2 0 01-2-2V5z"
              />
              <path
                d="M15 7v2a4 4 0 01-4 4H9.828l-1.766 1.767c.28.149.599.233.938.233h2l3 3v-3h2a2 2 0 002-2V9a2 2 0 00-2-2h-1z"
              />
            </svg>
          </div>
          <div>
            <h1
              class="text-2xl font-bold text-white tracking-tight"
            >
              MeetingMuse
            </h1>
            <p
              class="text-blue-100 text-sm font-medium"
            >
              AI-Powered Meeting Scheduling
            </p>
          </div>
        </div>
        <a
          class="flex items-center px-4 py-2 bg-white/20 hover:bg-white/30 backdrop-blur-sm rounded-lg text-white font-semibold transition-all duration-200 border border-white/30"
          data-discover="true"
          href="/"
        >
          <svg
            class="w-4 h-4 mr-2"
            fill="none"
            stroke="currentColor"
            viewBox="0 0 24 24"
          >
            <path
              d="M15 19l-7-7 7-7"
              stroke-linecap="round"
              stroke-linejoin="round"
              stroke-width="2"
            />
          </svg>
          Back to Home
        </a>
      </div>
    </div>
  </header>
  <main
    class="flex-1 max-w-4xl mx-auto px-4 sm:px-6 lg:px-8 py-12 w-full"
  >
    <div
      class="rounded-xl glass-effect p-8 mb-8 max-w-md mx-auto"
    >
      <div
        class="text-center space-y-6"
      >
        <div
          class="flex justify-center"
        >
          <div
            class="w-16 h-16 bg-blue-100 rounded-full flex items-center justify-center"
          >
            <svg
              class="w-8 h-8 text-blue-600"
              fill="currentColor"
              viewBox="0 0 20 20"
            >
              <path
                d="M2 5a2 2 0 012-2h7a2 2 0 012 2v4a2 2 0 01-2 2H9l-3 3v-3H4a2 2 0 01-2-2V5z"
              />
              <path
                d="M15 7v2a4 4 0 01-4 4H9.828l-1.766 1.767c.28.149.599.233.938.233h2l3 3v-3h2a2 2 0 002-2V9a2 2 0 00-2-2h-1z"
              />
            </svg>
          </div>
        </div>
        <div>
          <h2
            class="text-2xl font-bold text-gray-900 mb-2"
          >
            Welcome to 
            MeetingMuse
          </h2>
          <p
            class="text-gray-600 mb-6"
          >
            Please sign in to start your conversation with our AI meeting assistant
          </p>
        </div>
        <button
          class="
        px-6 py-3 rounded-lg font-medium text-white transition-colors
        bg-blue-600 hover:bg-blue-700 active:bg-blue-800
      "
        >
          Sign in with OAuth
        </button>
        <p
          class="text-sm text-gray-500"
        >
          Secure authentication powered by Google OAuth 2.0
        </p>
      </div>
    </div>
  </main>
</div>
`;

exports[`LoginPage > Snapshots > should render the complete login page correctly 1`] = `
<div
  class="min-h-screen bg-gradient-to-br from-blue-50 via-white to-purple-50 flex flex-col"
>
  <header
    class="blue-gradient shadow-lg"
  >
    <div
      class="max-w-4xl mx-auto px-4 sm:px-6 lg:px-8"
    >
      <div
        class="flex justify-between items-center py-6"
      >
        <div
          class="flex items-center space-x-4"
        >
          <div
            class="w-10 h-10 bg-white/20 backdrop-blur-sm rounded-lg flex items-center justify-center"
          >
            <svg
              class="w-5 h-5 text-white"
              fill="currentColor"
              viewBox="0 0 20 20"
            >
              <path
                d="M2 5a2 2 0 012-2h7a2 2 0 012 2v4a2 2 0 01-2 2H9l-3 3v-3H4a2 2 0 01-2-2V5z"
              />
              <path
                d="M15 7v2a4 4 0 01-4 4H9.828l-1.766 1.767c.28.149.599.233.938.233h2l3 3v-3h2a2 2 0 002-2V9a2 2 0 00-2-2h-1z"
              />
            </svg>
          </div>
          <div>
            <h1
              class="text-2xl font-bold text-white tracking-tight"
            >
              MeetingMuse
            </h1>
            <p
              class="text-blue-100 text-sm font-medium"
            >
              AI-Powered Meeting Scheduling
            </p>
          </div>
        </div>
        <a
          class="flex items-center px-4 py-2 bg-white/20 hover:bg-white/30 backdrop-blur-sm rounded-lg text-white font-semibold transition-all duration-200 border border-white/30"
          data-discover="true"
          href="/"
        >
          <svg
            class="w-4 h-4 mr-2"
            fill="none"
            stroke="currentColor"
            viewBox="0 0 24 24"
          >
            <path
              d="M15 19l-7-7 7-7"
              stroke-linecap="round"
              stroke-linejoin="round"
              stroke-width="2"
            />
          </svg>
          Back to Home
        </a>
      </div>
    </div>
  </header>
  <main
    class="flex-1 max-w-4xl mx-auto px-4 sm:px-6 lg:px-8 py-12 w-full"
  >
    <div
      class="rounded-xl glass-effect p-8 mb-8 max-w-md mx-auto"
    >
      <div
        class="text-center space-y-6"
      >
        <div
          class="flex justify-center"
        >
          <div
            class="w-16 h-16 bg-blue-100 rounded-full flex items-center justify-center"
          >
            <svg
              class="w-8 h-8 text-blue-600"
              fill="currentColor"
              viewBox="0 0 20 20"
            >
              <path
                d="M2 5a2 2 0 012-2h7a2 2 0 012 2v4a2 2 0 01-2 2H9l-3 3v-3H4a2 2 0 01-2-2V5z"
              />
              <path
                d="M15 7v2a4 4 0 01-4 4H9.828l-1.766 1.767c.28.149.599.233.938.233h2l3 3v-3h2a2 2 0 002-2V9a2 2 0 00-2-2h-1z"
              />
            </svg>
          </div>
        </div>
        <div>
          <h2
            class="text-2xl font-bold text-gray-900 mb-2"
          >
            Welcome to 
            MeetingMuse
          </h2>
          <p
            class="text-gray-600 mb-6"
          >
            Please sign in to start your conversation with our AI meeting assistant
          </p>
        </div>
        <button
          class="
        px-6 py-3 rounded-lg font-medium text-white transition-colors
        bg-blue-600 hover:bg-blue-700 active:bg-blue-800
      "
        >
          Sign in with OAuth
        </button>
        <p
          class="text-sm text-gray-500"
        >
          Secure authentication powered by Google OAuth 2.0
        </p>
      </div>
    </div>
  </main>
</div>
`;
